=== flutter ===
Flutter 3.47.6 • channel stable • https://github.com/flutter/flutter.git
Framework • revision 5fc346839b (4 days ago) • 2026-09-30 15:02:49 -0700
Engine • hash b8c8d3d8d5d0095127057f8a29ca8cc53da2167c (revision 692136cb65) (4 days ago) • 2026-09-30 00:56:59.000Z
Tools • Dart 3.13.5 • DevTools 2.60.0
=== java ===
openjdk version "17.0.20.1" 2026-08-18
OpenJDK Runtime Environment Temurin-17.0.20.1+1 (build 17.0.20.1+1)
OpenJDK 64-Bit Server VM Temurin-17.0.20.1+1 (build 17.0.20.1+1, mixed mode, sharing)
=== python ===
Python 3.12.3
=== gradle wrapper ===
distributionBase=GRADLE_USER_HOME
distributionPath=wrapper/dists
zipStoreBase=GRADLE_USER_HOME
zipStorePath=wrapper/dists
# Flutter 3.47.6 官方模板默认 Gradle 版本（gradle_utils.dart: templateDefaultGradleVersion）
distributionUrl=https\://services.gradle.org/distributions/gradle-9.3.1-all.zip
使用 sdkmanager: /usr/local/lib/android/sdk/cmdline-tools/latest/bin/sdkmanager
Loading package information...                                                  Loading local repository...                                                     [                                       ] 3% Loading local repository...        [                                       ] 3% Fetch remote repository...         [=                                      ] 3% Fetch remote repository...         [=                                      ] 4% Fetch remote repository...         [=                                      ] 5% Fetch remote repository...         [==                                     ] 5% Fetch remote repository...         [==                                     ] 6% Fetch remote repository...         [==                                     ] 7% Fetch remote repository...         [==                                     ] 7% Computing updates...               [===                                    ] 8% Computing updates...               [===                                    ] 10% Computing updates...              [=======================================] 100% Computing updates...             

Resolving dependencies...
Downloading packages...
+ _fe_analyzer_shared 103.0.0 (108.0.0 available)
+ analyzer 13.3.0 (14.4.0 available)
+ args 2.7.0
+ async 2.13.1
+ audio_service 0.18.19
+ audio_service_platform_interface 0.1.3
+ audio_service_web 0.1.4
+ audio_session 0.1.25 (0.2.4 available)
+ boolean_selector 2.1.2
+ characters 1.4.1
+ cli_config 0.2.0
+ clock 1.1.3
+ code_assets 2.1.0
+ collection 1.19.1
+ convert 3.1.2
+ coverage 1.15.1
+ crypto 3.0.7
+ dio 5.11.1
+ dio_web_adapter 2.2.2
+ fake_async 1.3.3
+ ffi 2.2.0
+ file 7.0.1
+ fixnum 1.1.1
+ flutter 0.0.0 from sdk flutter
+ flutter_cache_manager 3.4.5
+ flutter_lints 4.0.0 (6.0.0 available)
+ flutter_secure_storage 9.2.4 (11.2.0 available)
+ flutter_secure_storage_linux 1.2.3 (3.0.3 available)
+ flutter_secure_storage_macos 3.1.3 (4.0.0 available)
+ flutter_secure_storage_platform_interface 1.1.2 (2.1.1 available)
+ flutter_secure_storage_web 1.2.1 (2.1.1 available)
+ flutter_secure_storage_windows 3.1.2 (4.2.2 available)
+ flutter_test 0.0.0 from sdk flutter
+ flutter_web_plugins 0.0.0 from sdk flutter
+ frontend_server_client 4.1.0
+ glob 2.2.0
+ hooks 2.2.0
+ http 1.6.0
+ http_multi_server 3.2.2
+ http_parser 4.1.2
+ io 1.1.0
+ jni 1.1.0
+ jni_flutter 1.0.3
+ jni_util 1.0.0
+ js 0.6.7 (0.7.2 available)
+ just_audio 0.9.46 (0.10.6 available)
+ just_audio_platform_interface 4.6.0
+ just_audio_web 0.4.16
+ leak_tracker 11.0.2
+ leak_tracker_flutter_testing 3.0.10
+ leak_tracker_testing 3.0.2
+ lints 4.0.0 (6.1.0 available)
+ logging 1.3.0
+ matcher 0.12.20
+ material_color_utilities 0.13.0 (0.13.1 available)
+ meta 1.19.0
+ mime 2.1.0
+ nested 1.0.0
+ node_preamble 2.0.2
+ objective_c 9.6.2
+ package_config 2.2.0 (3.0.0 available)
+ path 1.9.1
+ path_provider 2.1.6
+ path_provider_android 2.3.1
+ path_provider_foundation 2.6.0
+ path_provider_linux 2.2.2
+ path_provider_platform_interface 2.1.3
+ path_provider_windows 2.3.0
+ pinyin 3.3.0
+ platform 3.2.0
+ plugin_platform_interface 2.1.8
+ pool 1.5.3
+ provider 6.1.5+1
+ pub_semver 2.2.1
+ qr 4.0.0
+ record_use 1.1.1
+ rxdart 0.28.0
+ shelf 1.4.2
+ shelf_packages_handler 3.0.2
+ shelf_static 1.1.3
+ shelf_web_socket 3.0.0
+ sky_engine 0.0.0 from sdk flutter
+ source_map_stack_trace 2.1.2
+ source_maps 0.10.14
+ source_span 1.10.2
+ sqflite 2.4.4
+ sqflite_android 2.4.4
+ sqflite_common 2.5.13
+ sqflite_darwin 2.4.4
+ sqflite_platform_interface 2.4.2
+ stack_trace 1.12.2
+ stream_channel 2.1.4
+ string_scanner 1.4.1
+ synchronized 3.4.2
+ term_glyph 1.2.2
+ test 1.31.1 (1.32.0 available)
+ test_api 0.7.12 (0.7.14 available)
+ test_core 0.6.18 (0.6.20 available)
+ typed_data 1.4.0
+ uuid 4.6.0
+ vector_math 2.4.3
+ vm_service 15.3.0
+ watcher 1.2.1
+ web 1.1.1
+ web_socket 1.0.1
+ web_socket_channel 3.0.3
+ webkit_inspection_protocol 1.2.1
+ win32 5.15.0 (6.4.0 available)
+ xdg_directories 1.1.0
+ yaml 3.1.4
Changed 110 dependencies!
19 packages have newer versions incompatible with dependency constraints.
Try `flutter pub outdated` for more information.
Upgrading analysis_options.yaml to exclude build and platform directories.

==================== 变体 A ====================
Running Gradle task 'assembleDebug'...                          
Checking the license for package CMake 3.22.1 in /usr/local/lib/android/sdk/licenses
License for package CMake 3.22.1 accepted.
Preparing "Install CMake 3.22.1 v.3.22.1".
"Install CMake 3.22.1 v.3.22.1" ready.
Installing CMake 3.22.1 in /usr/local/lib/android/sdk/cmake/3.22.1
"Install CMake 3.22.1 v.3.22.1" complete.
"Install CMake 3.22.1 v.3.22.1" finished.
Running Gradle task 'assembleDebug'...                            231.5s
✓ Built build/app/outputs/flutter-apk/app-debug.apk
dist/app-hisense-no-impeller-debug.apk = 125889976 bytes

==================== 变体 B ====================
Running Gradle task 'assembleDebug'...                              6.3s
✓ Built build/app/outputs/flutter-apk/app-debug.apk
dist/app-hisense-impeller-default-debug.apk = 125889944 bytes

==================== 变体 C ====================
Running Gradle task 'assembleDebug'...                              4.2s
✓ Built build/app/outputs/flutter-apk/app-debug.apk
dist/app-hisense-impeller-gles-debug.apk = 125889996 bytes

==================== 变体 D ====================
Running Gradle task 'assembleRelease'...                        
Font asset "MaterialIcons-Regular.otf" was tree-shaken, reducing it from 1645184 to 6472 bytes (99.6% reduction). Tree-shaking can be disabled by providing the --no-tree-shake-icons flag when building your app.
Caught exception: Already watching path: /home/runner/work/feiniu-tv-music/feiniu-tv-music/android
Running Gradle task 'assembleRelease'...                          120.7s
✓ Built build/app/outputs/flutter-apk/app-release.apk (44.2MB)
dist/app-hisense-no-impeller-release.apk = 44150551 bytes

==================== 变体 E ====================
Running Gradle task 'assembleDebug'...                             21.2s
✓ Built build/app/outputs/flutter-apk/app-debug.apk
dist/app-hisense-engine-smoke.apk = 120438504 bytes

==================== 变体 F ====================
Running Gradle task 'assembleDebug'...                             18.0s
✓ Built build/app/outputs/flutter-apk/app-debug.apk
dist/app-hisense-engine-smoke-no-plugins.apk = 120438488 bytes

==================== 变体 G ====================
Running Gradle task 'assembleRelease'...                        
Caught exception: Already watching path: /home/runner/work/feiniu-tv-music/feiniu-tv-music/android
Running Gradle task 'assembleRelease'...                           42.9s
✓ Built build/app/outputs/flutter-apk/app-release.apk (44.2MB)
dist/app-hisense-release.apk = 44150511 bytes
total 690316
drwxr-xr-x  2 runner runner      4096 Oct  4 11:10 .
drwxr-xr-x 13 runner runner      4096 Oct  4 11:02 ..
-rw-r--r--  1 runner runner      5422 Oct  4 11:10 MANIFEST.txt
-rw-r--r--  1 runner runner 120438488 Oct  4 11:09 app-hisense-engine-smoke-no-plugins.apk
-rw-r--r--  1 runner runner 120438504 Oct  4 11:08 app-hisense-engine-smoke.apk
-rw-r--r--  1 runner runner 125889944 Oct  4 11:06 app-hisense-impeller-default-debug.apk
-rw-r--r--  1 runner runner 125889996 Oct  4 11:06 app-hisense-impeller-gles-debug.apk
-rw-r--r--  1 runner runner 125889976 Oct  4 11:06 app-hisense-no-impeller-debug.apk
-rw-r--r--  1 runner runner  44150551 Oct  4 11:08 app-hisense-no-impeller-release.apk
-rw-r--r--  1 runner runner  44150511 Oct  4 11:09 app-hisense-release.apk
