诊断变体矩阵（同一 commit、同一份 Dart 业务代码，只差构建配置）
============================================================================================================
变体   artifact                                     Renderer                               插件注册      类型      
------------------------------------------------------------------------------------------------------------
A    app-hisense-no-impeller-debug.apk            EnableImpeller=false（关闭 Impeller）      是         debug   
B    app-hisense-impeller-default-debug.apk       无任何后端 meta-data（Flutter 默认后端）          是         debug   
C    app-hisense-impeller-gles-debug.apk          ImpellerBackend=opengles               是         debug   
D    app-hisense-no-impeller-release.apk          EnableImpeller=false（关闭 Impeller）      是         release 
E    app-hisense-engine-smoke.apk                 无任何后端 meta-data（Flutter 默认后端）          是         debug   
F    app-hisense-engine-smoke-no-plugins.apk      无任何后端 meta-data（Flutter 默认后端）          否         debug   
G    app-hisense-release.apk                      无任何后端 meta-data（Flutter 默认后端）          是         release 
------------------------------------------------------------------------------------------------------------
ABI: android-arm,android-arm64（不含 x86_64，电视无需）

每个 APK 的 applicationId / 桌面显示名（可同时安装，互不覆盖）：
  A  com.feiniu.tv.music.diaga          飞牛A·关Impeller
  B  com.feiniu.tv.music.diagb          飞牛B·默认后端
  C  com.feiniu.tv.music.diagc          飞牛C·GLES后端
  D  com.feiniu.tv.music.diagd          飞牛D·Rel关Impeller
  E  com.feiniu.tv.music.smoke          Smoke·插件版
  F  com.feiniu.tv.music.smokenp        Smoke·无插件
  G  com.feiniu.tv.music.rel            飞牛·正式版

boot.log 路径：/storage/emulated/0/Android/data/<applicationId>/files/bootlog/boot.log
诊断变体矩阵（同一 commit、同一份 Dart 业务代码，只差构建配置）
============================================================================================================
变体   artifact                                     Renderer                               插件注册      类型      
------------------------------------------------------------------------------------------------------------
A    app-hisense-no-impeller-debug.apk            EnableImpeller=false（关闭 Impeller）      是         debug   
B    app-hisense-impeller-default-debug.apk       无任何后端 meta-data（Flutter 默认后端）          是         debug   
C    app-hisense-impeller-gles-debug.apk          ImpellerBackend=opengles               是         debug   
D    app-hisense-no-impeller-release.apk          EnableImpeller=false（关闭 Impeller）      是         release 
E    app-hisense-engine-smoke.apk                 无任何后端 meta-data（Flutter 默认后端）          是         debug   
F    app-hisense-engine-smoke-no-plugins.apk      无任何后端 meta-data（Flutter 默认后端）          否         debug   
G    app-hisense-release.apk                      无任何后端 meta-data（Flutter 默认后端）          是         release 
------------------------------------------------------------------------------------------------------------
ABI: android-arm,android-arm64（不含 x86_64，电视无需）

每个 APK 的 applicationId / 桌面显示名（可同时安装，互不覆盖）：
  A  com.feiniu.tv.music.diaga          飞牛A·关Impeller
  B  com.feiniu.tv.music.diagb          飞牛B·默认后端
  C  com.feiniu.tv.music.diagc          飞牛C·GLES后端
  D  com.feiniu.tv.music.diagd          飞牛D·Rel关Impeller
  E  com.feiniu.tv.music.smoke          Smoke·插件版
  F  com.feiniu.tv.music.smokenp        Smoke·无插件
  G  com.feiniu.tv.music.rel            飞牛·正式版

boot.log 路径：/storage/emulated/0/Android/data/<applicationId>/files/bootlog/boot.log
=== 变体 A 配置已应用 ===
  artifact        : app-hisense-no-impeller-debug.apk
  桌面显示名      : 飞牛A·关Impeller
  applicationId   : com.feiniu.tv.music.diaga
  Renderer        : EnableImpeller=false（关闭 Impeller）
  插件自动注册    : 是（MainActivity）
  构建类型        : debug
  Dart 入口       : lib/main.dart
  ABI             : android-arm,android-arm64
[OK] 已还原：android/app/src/main/AndroidManifest.xml, android/app/build.gradle.kts
=== 变体 B 配置已应用 ===
  artifact        : app-hisense-impeller-default-debug.apk
  桌面显示名      : 飞牛B·默认后端
  applicationId   : com.feiniu.tv.music.diagb
  Renderer        : 无任何后端 meta-data（Flutter 默认后端）
  插件自动注册    : 是（MainActivity）
  构建类型        : debug
  Dart 入口       : lib/main.dart
  ABI             : android-arm,android-arm64
[OK] 已还原：android/app/src/main/AndroidManifest.xml, android/app/build.gradle.kts
=== 变体 C 配置已应用 ===
  artifact        : app-hisense-impeller-gles-debug.apk
  桌面显示名      : 飞牛C·GLES后端
  applicationId   : com.feiniu.tv.music.diagc
  Renderer        : ImpellerBackend=opengles
  插件自动注册    : 是（MainActivity）
  构建类型        : debug
  Dart 入口       : lib/main.dart
  ABI             : android-arm,android-arm64
[OK] 已还原：android/app/src/main/AndroidManifest.xml, android/app/build.gradle.kts
=== 变体 D 配置已应用 ===
  artifact        : app-hisense-no-impeller-release.apk
  桌面显示名      : 飞牛D·Rel关Impeller
  applicationId   : com.feiniu.tv.music.diagd
  Renderer        : EnableImpeller=false（关闭 Impeller）
  插件自动注册    : 是（MainActivity）
  构建类型        : release
  Dart 入口       : lib/main.dart
  ABI             : android-arm,android-arm64
[OK] 已还原：android/app/src/main/AndroidManifest.xml, android/app/build.gradle.kts
=== 变体 E 配置已应用 ===
  artifact        : app-hisense-engine-smoke.apk
  桌面显示名      : Smoke·插件版
  applicationId   : com.feiniu.tv.music.smoke
  Renderer        : 无任何后端 meta-data（Flutter 默认后端）
  插件自动注册    : 是（MainActivity）
  构建类型        : debug
  Dart 入口       : lib/main_engine_smoke.dart
  ABI             : android-arm,android-arm64
  --dart-define   : DIAG_TAG=smoke-plugins
[OK] 已还原：android/app/src/main/AndroidManifest.xml, android/app/build.gradle.kts
=== 变体 F 配置已应用 ===
  artifact        : app-hisense-engine-smoke-no-plugins.apk
  桌面显示名      : Smoke·无插件
  applicationId   : com.feiniu.tv.music.smokenp
  Renderer        : 无任何后端 meta-data（Flutter 默认后端）
  插件自动注册    : 否（DiagSmokeActivity，不调用 super）
  构建类型        : debug
  Dart 入口       : lib/main_engine_smoke.dart
  ABI             : android-arm,android-arm64
  --dart-define   : DIAG_TAG=smoke-no-plugins
[OK] 已还原：android/app/src/main/AndroidManifest.xml, android/app/build.gradle.kts
=== 变体 G 配置已应用 ===
  artifact        : app-hisense-release.apk
  桌面显示名      : 飞牛·正式版
  applicationId   : com.feiniu.tv.music.rel
  Renderer        : 无任何后端 meta-data（Flutter 默认后端）
  插件自动注册    : 是（MainActivity）
  构建类型        : release
  Dart 入口       : lib/main.dart
  ABI             : android-arm,android-arm64
[OK] 已还原：android/app/src/main/AndroidManifest.xml, android/app/build.gradle.kts
海信 E7N Pro / VIDDA 诊断包（渲染后端 × 插件注册）+ 正式发布候选
================================================================================================

所有 APK 来自同一 commit、同一份 Dart 业务代码，只有构建配置不同。

[A] app-hisense-no-impeller-debug.apk
    字节数          : 122,252,764
    sha256          : 4943b4cd432d2337a14d2dcc3db5dd2d48c1821bc02f89468fb0dd6909fa32bf
    applicationId   : com.feiniu.tv.music.diaga
    桌面显示名      : 飞牛A·关Impeller
    Renderer        : EnableImpeller=false（关闭 Impeller）
    插件自动注册    : 是（MainActivity）
    构建类型        : debug
    Dart 入口       : lib/main.dart
    ABI             : android-arm,android-arm64
    DIAG_TAG        : (无)

[B] app-hisense-impeller-default-debug.apk
    字节数          : 122,252,740
    sha256          : 98b63a7dbd37cbd4194ac89b727543783d28fb1bfd405bebe9f18c89b9479cd5
    applicationId   : com.feiniu.tv.music.diagb
    桌面显示名      : 飞牛B·默认后端
    Renderer        : 无任何后端 meta-data（Flutter 默认后端）
    插件自动注册    : 是（MainActivity）
    构建类型        : debug
    Dart 入口       : lib/main.dart
    ABI             : android-arm,android-arm64
    DIAG_TAG        : (无)

[C] app-hisense-impeller-gles-debug.apk
    字节数          : 122,252,780
    sha256          : ce508d091fbf548a6dbc2e44b85a728a445d9abf27770ea2c6dcabe048088b6a
    applicationId   : com.feiniu.tv.music.diagc
    桌面显示名      : 飞牛C·GLES后端
    Renderer        : ImpellerBackend=opengles
    插件自动注册    : 是（MainActivity）
    构建类型        : debug
    Dart 入口       : lib/main.dart
    ABI             : android-arm,android-arm64
    DIAG_TAG        : (无)

[D] app-hisense-no-impeller-release.apk
    字节数          : 34,136,511
    sha256          : 2f48328022937e4004f502c43f034589008e10c4384f648b1cb205daa3b47556
    applicationId   : com.feiniu.tv.music.diagd
    桌面显示名      : 飞牛D·Rel关Impeller
    Renderer        : EnableImpeller=false（关闭 Impeller）
    插件自动注册    : 是（MainActivity）
    构建类型        : release
    Dart 入口       : lib/main.dart
    ABI             : android-arm,android-arm64
    DIAG_TAG        : (无)

[E] app-hisense-engine-smoke.apk
    字节数          : 120,438,408
    sha256          : c61de0812aa5bd0c110002be4a1138a9523496a553329b00280d60d6b7ed8b5a
    applicationId   : com.feiniu.tv.music.smoke
    桌面显示名      : Smoke·插件版
    Renderer        : 无任何后端 meta-data（Flutter 默认后端）
    插件自动注册    : 是（MainActivity）
    构建类型        : debug
    Dart 入口       : lib/main_engine_smoke.dart
    ABI             : android-arm,android-arm64
    DIAG_TAG        : smoke-plugins

[F] app-hisense-engine-smoke-no-plugins.apk
    字节数          : 120,438,392
    sha256          : c64d230b1b9e3865a9b7f443d72ed71380faf38928b9b7131e1852fc53ff79be
    applicationId   : com.feiniu.tv.music.smokenp
    桌面显示名      : Smoke·无插件
    Renderer        : 无任何后端 meta-data（Flutter 默认后端）
    插件自动注册    : 否（DiagSmokeActivity）
    构建类型        : debug
    Dart 入口       : lib/main_engine_smoke.dart
    ABI             : android-arm,android-arm64
    DIAG_TAG        : smoke-no-plugins

[G] app-hisense-release.apk
    字节数          : 34,136,479
    sha256          : 4d53fe6c22a17a9a52fdf9eb7f0203af2d32a039be059fdb604f5d78291b4a83
    applicationId   : com.feiniu.tv.music.rel
    桌面显示名      : 飞牛·正式版
    Renderer        : 无任何后端 meta-data（Flutter 默认后端）
    插件自动注册    : 是（MainActivity）
    构建类型        : release
    Dart 入口       : lib/main.dart
    ABI             : android-arm,android-arm64
    DIAG_TAG        : (无)

boot.log 路径（每个包独立）
------------------------------------------------------------------------------------------------
  com.feiniu.tv.music.diaga          /storage/emulated/0/Android/data/com.feiniu.tv.music.diaga/files/bootlog/boot.log
  com.feiniu.tv.music.diagb          /storage/emulated/0/Android/data/com.feiniu.tv.music.diagb/files/bootlog/boot.log
  com.feiniu.tv.music.diagc          /storage/emulated/0/Android/data/com.feiniu.tv.music.diagc/files/bootlog/boot.log
  com.feiniu.tv.music.diagd          /storage/emulated/0/Android/data/com.feiniu.tv.music.diagd/files/bootlog/boot.log
  com.feiniu.tv.music.smoke          /storage/emulated/0/Android/data/com.feiniu.tv.music.smoke/files/bootlog/boot.log
  com.feiniu.tv.music.smokenp        /storage/emulated/0/Android/data/com.feiniu.tv.music.smokenp/files/bootlog/boot.log
  com.feiniu.tv.music.rel            /storage/emulated/0/Android/data/com.feiniu.tv.music.rel/files/bootlog/boot.log

判读要点
------------------------------------------------------------------------------------------------
  · boot.log 里连一行 [dart] 都没有  ⇒ Dart 根本没执行，问题在引擎/渲染/插件注册层
  · 有 [dart] runApp after 但没有 first frame callback ⇒ 引擎/渲染层问题
  · boot.log 没有异常堆栈 ≠ 没有 native crash
    （UncaughtExceptionHandler 只抓 Java/Kotlin 异常，抓不到 SIGSEGV/libflutter.so/GPU 驱动崩溃）

=== 诊断脚本涉及的两个文件 · git diff --stat ===
=== 诊断脚本涉及的两个文件 · git status --porcelain ===
